
> wifi-card-generator@0.1.0 build
> next build

   Γû▓ Next.js 15.2.4

   Creating an optimized production build ...
